Файлы для test перезаписаны.
Логирование для пропеллера test начато.
Момент:0.0049:Тяга:0.0000:Об/мин:60
Логирование остановлено.
Логирование остановлено.
